dn_d7_c32_es: 47,018 parameters, layers [(9, 32), (288, 32), (288, 32), (288, 32), (288, 32), (288, 32), (297, 1)]
board cost 1746 cycles/pixel -> 256x256 at 50 MHz: 2.29 s
validation: 20 training images held out, 380 left to train on
epoch   1/300  loss 0.006300  val 25.337 dB (best 25.337 @ 1)  lr 1.0e-03  Set12 26.09 dB (test, not used)      190s
epoch   2/300  loss 0.002790  val 26.940 dB (best 26.940 @ 2)  lr 1.0e-03  Set12 27.89 dB (test, not used)      371s
epoch   3/300  loss 0.002508  val 26.220 dB (best 26.940 @ 2)  lr 1.0e-03  Set12 26.64 dB (test, not used)      551s
epoch   4/300  loss 0.002420  val 26.844 dB (best 26.940 @ 2)  lr 1.0e-03  Set12 27.79 dB (test, not used)      723s
epoch   5/300  loss 0.002195  val 26.984 dB (best 26.984 @ 5)  lr 1.0e-03  Set12 28.17 dB (test, not used)      898s
epoch   6/300  loss 0.002096  val 27.012 dB (best 27.012 @ 6)  lr 1.0e-03  Set12 27.82 dB (test, not used)     1067s
epoch   7/300  loss 0.002075  val 27.206 dB (best 27.206 @ 7)  lr 1.0e-03  Set12 28.35 dB (test, not used)     1234s
epoch   8/300  loss 0.002015  val 27.294 dB (best 27.294 @ 8)  lr 1.0e-03  Set12 28.57 dB (test, not used)     1404s
epoch   9/300  loss 0.001948  val 27.540 dB (best 27.540 @ 9)  lr 1.0e-03  Set12 28.70 dB (test, not used)     1576s
epoch  10/300  loss 0.001941  val 27.495 dB (best 27.540 @ 9)  lr 1.0e-03  Set12 28.71 dB (test, not used)     1748s
epoch  11/300  loss 0.001896  val 27.617 dB (best 27.617 @ 11)  lr 1.0e-03  Set12 28.76 dB (test, not used)     1918s
epoch  12/300  loss 0.001891  val 27.633 dB (best 27.633 @ 12)  lr 1.0e-03  Set12 28.86 dB (test, not used)     2086s
epoch  13/300  loss 0.001849  val 27.728 dB (best 27.728 @ 13)  lr 1.0e-03  Set12 28.90 dB (test, not used)     2258s
epoch  14/300  loss 0.001827  val 27.617 dB (best 27.728 @ 13)  lr 1.0e-03  Set12 28.76 dB (test, not used)     2428s
epoch  15/300  loss 0.001804  val 27.728 dB (best 27.728 @ 15)  lr 1.0e-03  Set12 28.98 dB (test, not used)     2606s
epoch  16/300  loss 0.001787  val 27.676 dB (best 27.728 @ 15)  lr 1.0e-03  Set12 28.95 dB (test, not used)     2782s
epoch  17/300  loss 0.001764  val 27.841 dB (best 27.841 @ 17)  lr 1.0e-03  Set12 29.14 dB (test, not used)     2960s
epoch  18/300  loss 0.001752  val 27.910 dB (best 27.910 @ 18)  lr 1.0e-03  Set12 29.19 dB (test, not used)     3132s
epoch  19/300  loss 0.001745  val 27.875 dB (best 27.910 @ 18)  lr 1.0e-03  Set12 29.05 dB (test, not used)     3313s
epoch  20/300  loss 0.001728  val 27.894 dB (best 27.910 @ 18)  lr 1.0e-03  Set12 29.06 dB (test, not used)     3494s
epoch  21/300  loss 0.001726  val 27.912 dB (best 27.912 @ 21)  lr 1.0e-03  Set12 29.12 dB (test, not used)     3677s
epoch  22/300  loss 0.001719  val 27.955 dB (best 27.955 @ 22)  lr 1.0e-03  Set12 29.21 dB (test, not used)     3856s
epoch  23/300  loss 0.001702  val 27.968 dB (best 27.968 @ 23)  lr 1.0e-03  Set12 29.23 dB (test, not used)     4041s
epoch  24/300  loss 0.001706  val 28.044 dB (best 28.044 @ 24)  lr 1.0e-03  Set12 29.32 dB (test, not used)     4227s
epoch  25/300  loss 0.001693  val 28.075 dB (best 28.075 @ 25)  lr 1.0e-03  Set12 29.38 dB (test, not used)     4412s
epoch  26/300  loss 0.001688  val 27.994 dB (best 28.075 @ 25)  lr 1.0e-03  Set12 29.22 dB (test, not used)     4597s
epoch  27/300  loss 0.001675  val 28.048 dB (best 28.075 @ 25)  lr 1.0e-03  Set12 29.36 dB (test, not used)     4783s
epoch  28/300  loss 0.001664  val 28.115 dB (best 28.115 @ 28)  lr 1.0e-03  Set12 29.39 dB (test, not used)     4971s
epoch  29/300  loss 0.001661  val 28.146 dB (best 28.146 @ 29)  lr 1.0e-03  Set12 29.49 dB (test, not used)     5155s
epoch  30/300  loss 0.001663  val 28.106 dB (best 28.146 @ 29)  lr 1.0e-03  Set12 29.44 dB (test, not used)     5342s
epoch  31/300  loss 0.001651  val 28.175 dB (best 28.175 @ 31)  lr 1.0e-03  Set12 29.55 dB (test, not used)     5523s
epoch  32/300  loss 0.001658  val 28.184 dB (best 28.184 @ 32)  lr 1.0e-03  Set12 29.52 dB (test, not used)     5707s
epoch  33/300  loss 0.001638  val 28.172 dB (best 28.184 @ 32)  lr 1.0e-03  Set12 29.54 dB (test, not used)     5895s
epoch  34/300  loss 0.001645  val 28.206 dB (best 28.206 @ 34)  lr 1.0e-03  Set12 29.59 dB (test, not used)     6083s
epoch  35/300  loss 0.001641  val 28.218 dB (best 28.218 @ 35)  lr 1.0e-03  Set12 29.59 dB (test, not used)     6272s
epoch  36/300  loss 0.001630  val 28.210 dB (best 28.218 @ 35)  lr 1.0e-03  Set12 29.54 dB (test, not used)     6458s
epoch  37/300  loss 0.001642  val 28.231 dB (best 28.231 @ 37)  lr 1.0e-03  Set12 29.63 dB (test, not used)     6642s
epoch  38/300  loss 0.001615  val 28.255 dB (best 28.255 @ 38)  lr 1.0e-03  Set12 29.65 dB (test, not used)     6826s
epoch  39/300  loss 0.001630  val 28.275 dB (best 28.275 @ 39)  lr 1.0e-03  Set12 29.66 dB (test, not used)     7003s
epoch  40/300  loss 0.001633  val 28.258 dB (best 28.275 @ 39)  lr 1.0e-03  Set12 29.64 dB (test, not used)     7188s
epoch  41/300  loss 0.001619  val 28.155 dB (best 28.275 @ 39)  lr 1.0e-03  Set12 29.48 dB (test, not used)     7365s
epoch  42/300  loss 0.001626  val 28.274 dB (best 28.275 @ 39)  lr 1.0e-03  Set12 29.68 dB (test, not used)     7543s
epoch  43/300  loss 0.001616  val 28.146 dB (best 28.275 @ 39)  lr 1.0e-03  Set12 29.42 dB (test, not used)     7725s
epoch  44/300  loss 0.001616  val 28.226 dB (best 28.275 @ 39)  lr 1.0e-03  Set12 29.54 dB (test, not used)     7902s
epoch  45/300  loss 0.001611  val 28.308 dB (best 28.308 @ 45)  lr 1.0e-03  Set12 29.69 dB (test, not used)     8088s
