dn_d10_c64_us_es: 300,756 parameters, layers [(36, 64), (576, 64), (576, 64), (576, 64), (576, 64), (576, 64), (576, 64), (576, 64), (576, 64), (612, 4)]
board cost 1314 cycles/pixel -> 256x256 at 50 MHz: 1.72 s
validation: 20 training images held out, 380 left to train on
epoch   1/300  loss 0.011300  val 24.289 dB (best 24.289 @ 1)  lr 1.0e-03  Set12 25.34 dB (test, not used)      159s
epoch   2/300  loss 0.003576  val 25.496 dB (best 25.496 @ 2)  lr 1.0e-03  Set12 26.34 dB (test, not used)      325s
epoch   3/300  loss 0.002776  val 26.347 dB (best 26.347 @ 3)  lr 1.0e-03  Set12 27.29 dB (test, not used)      494s
epoch   4/300  loss 0.002491  val 26.625 dB (best 26.625 @ 4)  lr 1.0e-03  Set12 27.53 dB (test, not used)      651s
epoch   5/300  loss 0.002378  val 25.620 dB (best 26.625 @ 4)  lr 1.0e-03  Set12 26.22 dB (test, not used)      815s
epoch   6/300  loss 0.002235  val 26.981 dB (best 26.981 @ 6)  lr 1.0e-03  Set12 27.90 dB (test, not used)      976s
epoch   7/300  loss 0.002116  val 27.097 dB (best 27.097 @ 7)  lr 1.0e-03  Set12 28.00 dB (test, not used)     1123s
epoch   8/300  loss 0.002114  val 27.192 dB (best 27.192 @ 8)  lr 1.0e-03  Set12 28.14 dB (test, not used)     1282s
epoch   9/300  loss 0.002034  val 27.328 dB (best 27.328 @ 9)  lr 1.0e-03  Set12 28.33 dB (test, not used)     1444s
epoch  10/300  loss 0.001967  val 27.258 dB (best 27.328 @ 9)  lr 1.0e-03  Set12 28.27 dB (test, not used)     1597s
epoch  11/300  loss 0.001913  val 27.535 dB (best 27.535 @ 11)  lr 1.0e-03  Set12 28.60 dB (test, not used)     1758s
epoch  12/300  loss 0.001897  val 27.614 dB (best 27.614 @ 12)  lr 1.0e-03  Set12 28.75 dB (test, not used)     1923s
epoch  13/300  loss 0.002369  val 26.104 dB (best 27.614 @ 12)  lr 1.0e-03  Set12 27.00 dB (test, not used)     2073s
epoch  14/300  loss 0.002184  val 24.959 dB (best 27.614 @ 12)  lr 1.0e-03  Set12 24.79 dB (test, not used)     2231s
epoch  15/300  loss 0.002086  val 27.393 dB (best 27.614 @ 12)  lr 1.0e-03  Set12 28.43 dB (test, not used)     2386s
epoch  16/300  loss 0.001914  val 27.548 dB (best 27.614 @ 12)  lr 1.0e-03  Set12 28.68 dB (test, not used)     2542s
epoch  17/300  loss 0.001956  val 27.567 dB (best 27.614 @ 12)  lr 1.0e-03  Set12 28.66 dB (test, not used)     2701s
epoch  18/300  loss 0.001858  val 27.656 dB (best 27.656 @ 18)  lr 1.0e-03  Set12 28.77 dB (test, not used)     2867s
epoch  19/300  loss 0.001808  val 27.755 dB (best 27.755 @ 19)  lr 1.0e-03  Set12 28.98 dB (test, not used)     3029s
epoch  20/300  loss 0.001790  val 27.787 dB (best 27.787 @ 20)  lr 1.0e-03  Set12 29.06 dB (test, not used)     3180s
epoch  21/300  loss 0.001784  val 27.880 dB (best 27.880 @ 21)  lr 1.0e-03  Set12 29.13 dB (test, not used)     3345s
epoch  22/300  loss 0.001792  val 27.897 dB (best 27.897 @ 22)  lr 1.0e-03  Set12 29.19 dB (test, not used)     3504s
epoch  23/300  loss 0.001742  val 27.954 dB (best 27.954 @ 23)  lr 1.0e-03  Set12 29.23 dB (test, not used)     3667s
epoch  24/300  loss 0.001731  val 27.986 dB (best 27.986 @ 24)  lr 1.0e-03  Set12 29.32 dB (test, not used)     3831s
epoch  25/300  loss 0.001708  val 27.999 dB (best 27.999 @ 25)  lr 1.0e-03  Set12 29.30 dB (test, not used)     3999s
epoch  26/300  loss 0.001716  val 28.008 dB (best 28.008 @ 26)  lr 1.0e-03  Set12 29.28 dB (test, not used)     4162s
epoch  27/300  loss 0.001707  val 28.048 dB (best 28.048 @ 27)  lr 1.0e-03  Set12 29.43 dB (test, not used)     4333s
epoch  28/300  loss 0.001689  val 27.982 dB (best 28.048 @ 27)  lr 1.0e-03  Set12 29.40 dB (test, not used)     4503s
epoch  29/300  loss 0.001682  val 28.127 dB (best 28.127 @ 29)  lr 1.0e-03  Set12 29.49 dB (test, not used)     4664s
epoch  30/300  loss 0.001667  val 28.138 dB (best 28.138 @ 30)  lr 1.0e-03  Set12 29.49 dB (test, not used)     4837s
epoch  31/300  loss 0.001665  val 28.009 dB (best 28.138 @ 30)  lr 1.0e-03  Set12 29.37 dB (test, not used)     5008s
epoch  32/300  loss 0.001646  val 28.193 dB (best 28.193 @ 32)  lr 1.0e-03  Set12 29.61 dB (test, not used)     5168s
epoch  33/300  loss 0.001913  val 25.441 dB (best 28.193 @ 32)  lr 1.0e-03  Set12 25.62 dB (test, not used)     5340s
epoch  34/300  loss 0.001931  val 27.697 dB (best 28.193 @ 32)  lr 1.0e-03  Set12 28.96 dB (test, not used)     5508s
epoch  35/300  loss 0.001785  val 26.987 dB (best 28.193 @ 32)  lr 1.0e-03  Set12 27.61 dB (test, not used)     5668s
epoch  36/300  loss 0.001754  val 27.698 dB (best 28.193 @ 32)  lr 1.0e-03  Set12 28.92 dB (test, not used)     5839s
epoch  37/300  loss 0.001704  val 28.074 dB (best 28.193 @ 32)  lr 1.0e-03  Set12 29.45 dB (test, not used)     6013s
epoch  38/300  loss 0.001677  val 28.135 dB (best 28.193 @ 32)  lr 1.0e-03  Set12 29.50 dB (test, not used)     6182s
epoch  39/300  loss 0.001671  val 28.132 dB (best 28.193 @ 32)  lr 1.0e-03  Set12 29.51 dB (test, not used)     6354s
epoch  40/300  loss 0.001655  val 28.138 dB (best 28.193 @ 32)  lr 5.0e-04  Set12 29.44 dB (test, not used)     6528s
epoch  41/300  loss 0.001650  val 28.221 dB (best 28.221 @ 41)  lr 5.0e-04  Set12 29.64 dB (test, not used)     6687s
epoch  42/300  loss 0.001652  val 28.130 dB (best 28.221 @ 41)  lr 5.0e-04  Set12 29.59 dB (test, not used)     6854s
epoch  43/300  loss 0.001646  val 28.180 dB (best 28.221 @ 41)  lr 5.0e-04  Set12 29.61 dB (test, not used)     7020s
epoch  44/300  loss 0.001624  val 28.248 dB (best 28.248 @ 44)  lr 5.0e-04  Set12 29.68 dB (test, not used)     7187s
epoch  45/300  loss 0.001635  val 28.209 dB (best 28.248 @ 44)  lr 5.0e-04  Set12 29.68 dB (test, not used)     7351s
epoch  46/300  loss 0.001629  val 28.178 dB (best 28.248 @ 44)  lr 5.0e-04  Set12 29.62 dB (test, not used)     7516s
epoch  47/300  loss 0.001622  val 28.176 dB (best 28.248 @ 44)  lr 5.0e-04  Set12 29.52 dB (test, not used)     7674s
epoch  48/300  loss 0.001623  val 28.240 dB (best 28.248 @ 44)  lr 5.0e-04  Set12 29.69 dB (test, not used)     7832s
epoch  49/300  loss 0.001620  val 28.217 dB (best 28.248 @ 44)  lr 5.0e-04  Set12 29.60 dB (test, not used)     7998s
